{"decls":[{"bb_function":{"name":"main","elements":[[],null,"__begin","__bb0",[{"stmt_kind":{"id":{"name":"i","ssa_index":null,"val":{"val_kind":{"int":0},"loc":{"start":32,"end":33}},"ty":null}},"label":null,"loc":{"start":24,"end":33}}],{"stmt_kind":{"ret":null},"label":null,"loc":{"start":37,"end":40}},"__bb0","__begin","__end",[],null,"__end"],"params":[],"ret_ty":{"none":{}}}}]}