{"decls":[{"bb_function":{"name":"main","elements":[{"label":"__begin","statements":[[]],"terminator":null,"previous_labels":[],"next_labels":["__bb0"]},{"label":"__bb0","statements":[[{"stmt_kind":{"id":{"name":"i","ssa_index":null,"val":{"val_kind":{"int":0},"loc":{"start":32,"end":33}},"ty":null}},"label":null,"loc":{"start":24,"end":33}}]],"terminator":{"stmt_kind":{"ret":null},"label":null,"loc":{"start":37,"end":40}},"previous_labels":["__begin"],"next_labels":["__end"]},{"label":"__end","statements":[[]],"terminator":null,"previous_labels":["__bb0"],"next_labels":[]}],"params":[],"ret_ty":{"none":{}}}}]}